---
source: tests/bool.rs
expression: prog.unwrap()
---
not(arg0)
