---
source: tests/bool.rs
expression: prog.unwrap()
---
false()
