---
source: tests/bool.rs
expression: prog.unwrap()
---
or(arg0,arg1)
