---
source: tests/bool.rs
expression: prog.unwrap()
---
and(arg0,arg1)
