---
source: tests/bool.rs
expression: prog.unwrap()
---
or(not(arg0),arg1)
