---
source: tests/deductive.rs
expression: prog.unwrap()
---
zero()
