---
source: tests/inductive.rs
expression: prog.unwrap()
---
not(arg0)
