---
source: tests/list.rs
expression: prog.unwrap()
---
if (is_nil(arg0)) {arg0} else {tail(arg0)}
