---
source: tests/list.rs
expression: prog.unwrap()
---
if (is_nil(arg0)) {O()} else {inc(rec<int>(tail(arg0)))}
