---
source: tests/nat.rs
expression: prog.unwrap()
---
if (lt(arg1,arg0)) {arg0} else {arg1}
