---
source: tests/nat.rs
expression: prog.unwrap()
---
dec(arg0)
